\BOOKMARK [1][-]{section.1}{\376\377\000I\000n\000t\000r\000o\000d\000u\000c\000t\000i\000o\000n}{}% 1
\BOOKMARK [1][-]{section.2}{\376\377\000B\000a\000c\000k\000g\000r\000o\000u\000n\000d\000\040\000a\000n\000d\000\040\000R\000e\000l\000a\000t\000e\000d\000\040\000W\000o\000r\000k}{}% 2
\BOOKMARK [2][-]{subsection.2.1}{\376\377\000A\000g\000e\000n\000t\000\040\000I\000n\000f\000r\000a\000s\000t\000r\000u\000c\000t\000u\000r\000e}{section.2}% 3
\BOOKMARK [2][-]{subsection.2.2}{\376\377\000C\000l\000o\000u\000d\000\040\000C\000o\000m\000p\000u\000t\000i\000n\000g\000\040\000a\000s\000\040\000a\000\040\000R\000e\000f\000e\000r\000e\000n\000c\000e\000\040\000M\000o\000d\000e\000l}{section.2}% 4
\BOOKMARK [2][-]{subsection.2.3}{\376\377\000C\000u\000r\000r\000e\000n\000t\000\040\000A\000g\000e\000n\000t\000\040\000P\000l\000a\000t\000f\000o\000r\000m\000\040\000L\000a\000n\000d\000s\000c\000a\000p\000e}{section.2}% 5
\BOOKMARK [2][-]{subsection.2.4}{\376\377\000P\000r\000o\000t\000o\000c\000o\000l\000\040\000S\000t\000a\000n\000d\000a\000r\000d\000s\000\040\000L\000a\000n\000d\000s\000c\000a\000p\000e}{section.2}% 6
\BOOKMARK [2][-]{subsection.2.5}{\376\377\000A\000g\000e\000n\000t\000\040\000M\000e\000m\000o\000r\000y}{section.2}% 7
\BOOKMARK [2][-]{subsection.2.6}{\376\377\000A\000g\000e\000n\000t\000\040\000I\000d\000e\000n\000t\000i\000t\000y\000\040\000a\000n\000d\000\040\000T\000r\000u\000s\000t}{section.2}% 8
\BOOKMARK [2][-]{subsection.2.7}{\376\377\000A\000g\000e\000n\000t\000\040\000S\000a\000f\000e\000t\000y\000\040\000a\000n\000d\000\040\000G\000o\000v\000e\000r\000n\000a\000n\000c\000e}{section.2}% 9
\BOOKMARK [1][-]{section.3}{\376\377\000T\000h\000e\000\040\000A\000g\000e\000n\000t\000v\000e\000r\000s\000e\000\040\000P\000l\000a\000t\000f\000o\000r\000m\000:\000\040\000C\000u\000r\000r\000e\000n\000t\000\040\000S\000t\000a\000t\000e}{}% 10
\BOOKMARK [2][-]{subsection.3.1}{\376\377\000P\000l\000a\000t\000f\000o\000r\000m\000\040\000O\000v\000e\000r\000v\000i\000e\000w}{section.3}% 11
\BOOKMARK [2][-]{subsection.3.2}{\376\377\000A\000P\000I\000\040\000A\000u\000d\000i\000t\000\040\000M\000e\000t\000h\000o\000d\000o\000l\000o\000g\000y}{section.3}% 12
\BOOKMARK [2][-]{subsection.3.3}{\376\377\000A\000P\000I\000\040\000P\000e\000r\000f\000o\000r\000m\000a\000n\000c\000e\000\040\000B\000e\000n\000c\000h\000m\000a\000r\000k\000s}{section.3}% 13
\BOOKMARK [2][-]{subsection.3.4}{\376\377\000W\000h\000a\000t\000\040\000C\000u\000r\000r\000e\000n\000t\000l\000y\000\040\000W\000o\000r\000k\000s\000\040\000W\000e\000l\000l}{section.3}% 14
\BOOKMARK [1][-]{section.4}{\376\377\000G\000a\000p\000\040\000A\000n\000a\000l\000y\000s\000i\000s\000:\000\040\000W\000h\000a\000t\000\040\000t\000h\000e\000\040\000A\000g\000e\000n\000t\000\040\000C\000l\000o\000u\000d\000\040\000I\000s\000\040\000M\000i\000s\000s\000i\000n\000g}{}% 15
\BOOKMARK [2][-]{subsection.4.1}{\376\377\000C\000a\000t\000e\000g\000o\000r\000y\000\040\000A\000:\000\040\000A\000g\000e\000n\000t\000\040\000M\000e\000m\000o\000r\000y\000\040\000a\000n\000d\000\040\000S\000t\000a\000t\000e}{section.4}% 16
\BOOKMARK [2][-]{subsection.4.2}{\376\377\000C\000a\000t\000e\000g\000o\000r\000y\000\040\000B\000:\000\040\000A\000g\000e\000n\000t\000\040\000O\000b\000s\000e\000r\000v\000a\000b\000i\000l\000i\000t\000y}{section.4}% 17
\BOOKMARK [2][-]{subsection.4.3}{\376\377\000C\000a\000t\000e\000g\000o\000r\000y\000\040\000C\000:\000\040\000A\000g\000e\000n\000t\000\040\000S\000e\000c\000u\000r\000i\000t\000y\000\040\000a\000n\000d\000\040\000G\000o\000v\000e\000r\000n\000a\000n\000c\000e}{section.4}% 18
\BOOKMARK [2][-]{subsection.4.4}{\376\377\000C\000a\000t\000e\000g\000o\000r\000y\000\040\000D\000:\000\040\000A\000g\000e\000n\000t\000\040\000N\000e\000t\000w\000o\000r\000k\000i\000n\000g\000\040\000a\000n\000d\000\040\000C\000o\000m\000m\000u\000n\000i\000c\000a\000t\000i\000o\000n}{section.4}% 19
\BOOKMARK [2][-]{subsection.4.5}{\376\377\000C\000a\000t\000e\000g\000o\000r\000y\000\040\000E\000:\000\040\000A\000g\000e\000n\000t\000\040\000D\000e\000v\000e\000l\000o\000p\000m\000e\000n\000t\000\040\000a\000n\000d\000\040\000L\000i\000f\000e\000c\000y\000c\000l\000e}{section.4}% 20
\BOOKMARK [2][-]{subsection.4.6}{\376\377\000C\000a\000t\000e\000g\000o\000r\000y\000\040\000F\000:\000\040\000D\000a\000t\000a\000\040\000a\000n\000d\000\040\000I\000n\000t\000e\000g\000r\000a\000t\000i\000o\000n\000\040\000S\000e\000r\000v\000i\000c\000e\000s}{section.4}% 21
\BOOKMARK [2][-]{subsection.4.7}{\376\377\000C\000a\000t\000e\000g\000o\000r\000y\000\040\000G\000:\000\040\000A\000g\000e\000n\000t\000\040\000E\000c\000o\000n\000o\000m\000i\000c\000\040\000P\000r\000i\000m\000i\000t\000i\000v\000e\000s}{section.4}% 22
\BOOKMARK [2][-]{subsection.4.8}{\376\377\000C\000a\000t\000e\000g\000o\000r\000y\000\040\000H\000:\000\040\000S\000c\000a\000l\000e\000\040\000a\000n\000d\000\040\000E\000n\000t\000e\000r\000p\000r\000i\000s\000e}{section.4}% 23
\BOOKMARK [2][-]{subsection.4.9}{\376\377\000S\000u\000m\000m\000a\000r\000y}{section.4}% 24
\BOOKMARK [1][-]{section.5}{\376\377\000A\000\040\000L\000a\000y\000e\000r\000e\000d\000\040\000A\000r\000c\000h\000i\000t\000e\000c\000t\000u\000r\000e\000\040\000f\000o\000r\000\040\000t\000h\000e\000\040\000A\000g\000e\000n\000t\000\040\000C\000l\000o\000u\000d\000:\000\040\0002\0000\0003\0000}{}% 25
\BOOKMARK [2][-]{subsection.5.1}{\376\377\000L\000a\000y\000e\000r\000\040\0000\000:\000\040\000A\000g\000e\000n\000t\000\040\000S\000u\000b\000s\000t\000r\000a\000t\000e\000\040\000\050\000I\000d\000e\000n\000t\000i\000t\000y\000\040\000+\000\040\000C\000o\000m\000p\000u\000t\000e\000\040\000F\000o\000u\000n\000d\000a\000t\000i\000o\000n\000\051}{section.5}% 26
\BOOKMARK [2][-]{subsection.5.2}{\376\377\000L\000a\000y\000e\000r\000\040\0001\000:\000\040\000A\000g\000e\000n\000t\000\040\000R\000u\000n\000t\000i\000m\000e\000\040\000\050\000E\000x\000e\000c\000u\000t\000i\000o\000n\000\040\000E\000n\000v\000i\000r\000o\000n\000m\000e\000n\000t\000\051}{section.5}% 27
\BOOKMARK [2][-]{subsection.5.3}{\376\377\000L\000a\000y\000e\000r\000\040\0002\000:\000\040\000A\000g\000e\000n\000t\000\040\000M\000e\000m\000o\000r\000y\000\040\000\050\000P\000e\000r\000s\000i\000s\000t\000e\000n\000c\000e\000\040\000+\000\040\000K\000n\000o\000w\000l\000e\000d\000g\000e\000\051}{section.5}% 28
\BOOKMARK [2][-]{subsection.5.4}{\376\377\000L\000a\000y\000e\000r\000\040\0003\000:\000\040\000A\000g\000e\000n\000t\000\040\000C\000o\000m\000m\000u\000n\000i\000c\000a\000t\000i\000o\000n\000\040\000\050\000P\000r\000o\000t\000o\000c\000o\000l\000s\000\040\000+\000\040\000N\000e\000t\000w\000o\000r\000k\000i\000n\000g\000\051}{section.5}% 29
\BOOKMARK [2][-]{subsection.5.5}{\376\377\000L\000a\000y\000e\000r\000\040\0004\000:\000\040\000A\000g\000e\000n\000t\000\040\000S\000e\000r\000v\000i\000c\000e\000s\000\040\000\050\000M\000a\000n\000a\000g\000e\000d\000\040\000C\000l\000o\000u\000d\000\040\000S\000e\000r\000v\000i\000c\000e\000s\000\051}{section.5}% 30
\BOOKMARK [2][-]{subsection.5.6}{\376\377\000L\000a\000y\000e\000r\000\040\0005\000:\000\040\000A\000g\000e\000n\000t\000\040\000O\000b\000s\000e\000r\000v\000a\000b\000i\000l\000i\000t\000y\000\040\000\050\000M\000o\000n\000i\000t\000o\000r\000i\000n\000g\000\040\000+\000\040\000D\000e\000b\000u\000g\000g\000i\000n\000g\000\051}{section.5}% 31
\BOOKMARK [2][-]{subsection.5.7}{\376\377\000L\000a\000y\000e\000r\000\040\0006\000:\000\040\000A\000g\000e\000n\000t\000\040\000E\000c\000o\000n\000o\000m\000y\000\040\000\050\000M\000a\000r\000k\000e\000t\000p\000l\000a\000c\000e\000\040\000+\000\040\000E\000c\000o\000n\000o\000m\000i\000c\000\040\000P\000r\000i\000m\000i\000t\000i\000v\000e\000s\000\051}{section.5}% 32
\BOOKMARK [1][-]{section.6}{\376\377\000C\000r\000i\000t\000i\000c\000a\000l\000\040\000E\000v\000o\000l\000u\000t\000i\000o\000n\000\040\000P\000a\000t\000h\000s}{}% 33
\BOOKMARK [2][-]{subsection.6.1}{\376\377\000F\000r\000o\000m\000\040\000c\000t\000x\000.\000s\000t\000o\000r\000a\000g\000e\000\040\000t\000o\000\040\000A\000g\000e\000n\000t\000\040\000M\000e\000m\000o\000r\000y\000\040\000C\000l\000o\000u\000d}{section.6}% 34
\BOOKMARK [2][-]{subsection.6.2}{\376\377\000F\000r\000o\000m\000\040\000A\000l\000m\000a\000n\000a\000c\000\040\000t\000o\000\040\000S\000e\000m\000a\000n\000t\000i\000c\000\040\000A\000g\000e\000n\000t\000\040\000D\000N\000S}{section.6}% 35
\BOOKMARK [2][-]{subsection.6.3}{\376\377\000F\000r\000o\000m\000\040\000C\000h\000a\000t\000\040\000P\000r\000o\000t\000o\000c\000o\000l\000\040\000t\000o\000\040\000A\000g\000e\000n\000t\000\040\000L\000i\000n\000g\000u\000a\000\040\000F\000r\000a\000n\000c\000a}{section.6}% 36
\BOOKMARK [2][-]{subsection.6.4}{\376\377\000F\000r\000o\000m\000\040\000H\000o\000s\000t\000i\000n\000g\000\040\000t\000o\000\040\000A\000g\000e\000n\000t\000\040\000K\000u\000b\000e\000r\000n\000e\000t\000e\000s}{section.6}% 37
\BOOKMARK [2][-]{subsection.6.5}{\376\377\000F\000r\000o\000m\000\040\000T\000o\000k\000e\000n\000\040\000P\000a\000y\000m\000e\000n\000t\000s\000\040\000t\000o\000\040\000A\000g\000e\000n\000t\000\040\000E\000c\000o\000n\000o\000m\000i\000c\000\040\000P\000r\000i\000m\000i\000t\000i\000v\000e\000s}{section.6}% 38
\BOOKMARK [1][-]{section.7}{\376\377\000D\000i\000s\000c\000u\000s\000s\000i\000o\000n}{}% 39
\BOOKMARK [2][-]{subsection.7.1}{\376\377\000C\000o\000m\000p\000e\000t\000i\000t\000i\000v\000e\000\040\000P\000o\000s\000i\000t\000i\000o\000n\000i\000n\000g}{section.7}% 40
\BOOKMARK [2][-]{subsection.7.2}{\376\377\000O\000p\000e\000n\000\040\000R\000e\000s\000e\000a\000r\000c\000h\000\040\000P\000r\000o\000b\000l\000e\000m\000s}{section.7}% 41
\BOOKMARK [2][-]{subsection.7.3}{\376\377\000R\000e\000g\000u\000l\000a\000t\000o\000r\000y\000\040\000C\000o\000n\000s\000i\000d\000e\000r\000a\000t\000i\000o\000n\000s}{section.7}% 42
\BOOKMARK [2][-]{subsection.7.4}{\376\377\000L\000i\000m\000i\000t\000a\000t\000i\000o\000n\000s}{section.7}% 43
\BOOKMARK [1][-]{section.8}{\376\377\000C\000o\000n\000c\000l\000u\000s\000i\000o\000n}{}% 44
